Line N.1 executing ./client localhost 18286 home.html &
Line N.2 executing sleep 1
Header: Stat-Req-Arrival:: 1623955559.227126
Header: Stat-Req-Dispatch:: 0.000207
Header: Stat-Thread-Id:: 2
Header: Stat-Thread-Count:: 1
Header: Stat-Thread-Static:: 1
Header: Stat-Thread-Dynamic:: 0
Line N.3 executing ./client localhost 18286 output10p5.cgi &
Line N.4 executing sleep 1
Line N.5 executing ./client localhost 18286 output10p5.cgi
Header: Stat-Req-Arrival:: 1623955560.248718
Header: Stat-Req-Dispatch:: 0.000132
Header: Stat-Thread-Id:: 1
Header: Stat-Thread-Count:: 1
Header: Stat-Thread-Static:: 0
Header: Stat-Thread-Dynamic:: 1
Header: Stat-Req-Arrival:: 1623955561.280020
Header: Stat-Req-Dispatch:: 0.000066
Header: Stat-Thread-Id:: 0
Header: Stat-Thread-Count:: 1
Header: Stat-Thread-Static:: 0
Header: Stat-Thread-Dynamic:: 1
Line N.6 executing sleep 1
Line N.7 executing ./client localhost 18286 home.html &
Line N.8 executing sleep 1
Header: Stat-Req-Arrival:: 1623955572.815715
Header: Stat-Req-Dispatch:: 0.000603
Header: Stat-Thread-Id:: 3
Header: Stat-Thread-Count:: 1
Header: Stat-Thread-Static:: 1
Header: Stat-Thread-Dynamic:: 0
Line N.9 executing ./client localhost 18286 home.html &
Line N.10 executing sleep 1
Header: Stat-Req-Arrival:: 1623955573.837721
Header: Stat-Req-Dispatch:: 0.000263
Header: Stat-Thread-Id:: 4
Header: Stat-Thread-Count:: 1
Header: Stat-Thread-Static:: 1
Header: Stat-Thread-Dynamic:: 0
Line N.11 executing ./client localhost 18286 home.html
Header: Stat-Req-Arrival:: 1623955574.855881
Header: Stat-Req-Dispatch:: 0.000387
Header: Stat-Thread-Id:: 6
Header: Stat-Thread-Count:: 1
Header: Stat-Thread-Static:: 1
Header: Stat-Thread-Dynamic:: 0
Line N.12 executing sleep 1
Line N.13 executing ./client localhost 18286 output10p5.cgi &
Line N.14 executing sleep 1
Line N.15 executing ./client localhost 18286 output10p5.cgi &
Line N.16 executing sleep 1
Line N.17 executing ./client localhost 18286 output10p5.cgi &
Line N.18 executing sleep 1
Line N.19 executing ./client localhost 18286 home.html &
Line N.20 executing sleep 1
Line N.21 executing ./client localhost 18286 home.html &
Line N.22 executing sleep 1
Line N.23 executing ./client localhost 18286 home.html
Line N.24 executing sleep 1
Line N.25 executing ./client localhost 18286 output10p5.cgi &
Line N.26 executing sleep 1
Line N.27 executing ./client localhost 18286 home.html
Line N.28 executing sleep 1
Line N.29 executing ./client localhost 18286 output10p5.cgi &
Line N.30 executing sleep 1
Line N.31 executing sleep 10
Header: Stat-Req-Arrival:: 1623955575.888041
Header: Stat-Req-Dispatch:: 0.002456
Header: Stat-Thread-Id:: 5
Header: Stat-Thread-Count:: 1
Header: Stat-Thread-Static:: 0
Header: Stat-Thread-Dynamic:: 1
Header: Stat-Req-Arrival:: 1623955576.918169
Header: Stat-Req-Dispatch:: 0.000100
Header: Stat-Thread-Id:: 2
Header: Stat-Thread-Count:: 2
Header: Stat-Thread-Static:: 1
Header: Stat-Thread-Dynamic:: 1
